../Drivers/STM32WLxx_HAL_Driver/Inc/stm32wlxx_ll_bus.h:449:22:LL_AHB2_GRP1_EnableClock	24	static
../Core/Src/main.c:78:5:main	8	static
../Core/Src/main.c:128:6:SystemClock_Config	112	static
../Core/Src/main.c:173:13:MX_I2C1_Init	8	static
../Core/Src/main.c:221:13:MX_RTC_Init	8	static
../Core/Src/main.c:259:6:MX_SUBGHZ_Init	8	static
../Core/Src/main.c:285:13:MX_USART1_UART_Init	8	static
../Core/Src/main.c:333:13:MX_USART2_UART_Init	8	static
../Core/Src/main.c:381:13:MX_GPIO_Init	32	static
../Core/Src/main.c:413:6:Error_Handler	4	static,ignoring_inline_asm
