../Drivers/STM32WLxx_HAL_Driver/Inc/stm32wlxx_ll_bus.h:449:22:LL_AHB2_GRP1_EnableClock	1
../Core/Src/main.c:80:5:main	1
../Core/Src/main.c:131:6:SystemClock_Config	3
../Core/Src/main.c:176:13:MX_ADC_Init	2
../Core/Src/main.c:223:13:MX_I2C1_Init	4
../Core/Src/main.c:271:13:MX_RTC_Init	2
../Core/Src/main.c:309:6:MX_SUBGHZ_Init	2
../Core/Src/main.c:335:13:MX_USART1_UART_Init	5
../Core/Src/main.c:383:13:MX_USART2_UART_Init	5
../Core/Src/main.c:431:13:MX_GPIO_Init	1
../Core/Src/main.c:452:6:Error_Handler	1
